============================
Daily Report
Date : Friday 17 July 2026 04:10:01 PM IST
Current User : mirafra
Current Directory : /home/mirafra
System Uptime :
 16:10:01 up 1 day,  6:51,  1 user,  load average: 0.38, 0.55, 0.52
Disk Usage :
Filesystem      Size  Used Avail Use% Mounted on
tmpfs           769M  2.8M  766M   1% /run
/dev/nvme0n1p2  468G   53G  392G  12% /
tmpfs           3.8G     0  3.8G   0% /dev/shm
tmpfs           5.0M  4.0K  5.0M   1% /run/lock
efivarfs        374K  176K  194K  48% /sys/firmware/efi/efivars
/dev/nvme0n1p1  511M  6.1M  505M   2% /boot/efi
tmpfs           769M  1.7M  767M   1% /run/user/1000
Memory Usage :
               total        used        free      shared  buff/cache   available
Mem:           7.5Gi       4.2Gi       812Mi       1.1Gi       2.6Gi       2.3Gi
Swap:          2.0Gi       2.0Gi       5.0Mi
============================

============================
Daily Report
Date : Saturday 18 July 2026 05:57:36 PM IST
Current User : mirafra
Current Directory : /home/mirafra
System Uptime :
 17:57:36 up 2 days,  8:39,  1 user,  load average: 0.67, 0.32, 0.22
Disk Usage :
Filesystem      Size  Used Avail Use% Mounted on
tmpfs           769M  2.8M  766M   1% /run
/dev/nvme0n1p2  468G   53G  392G  12% /
tmpfs           3.8G     0  3.8G   0% /dev/shm
tmpfs           5.0M  4.0K  5.0M   1% /run/lock
efivarfs        374K  176K  194K  48% /sys/firmware/efi/efivars
/dev/nvme0n1p1  511M  6.1M  505M   2% /boot/efi
tmpfs           769M  1.7M  767M   1% /run/user/1000
Memory Usage :
               total        used        free      shared  buff/cache   available
Mem:           7.5Gi       5.4Gi       311Mi       1.0Gi       1.8Gi       1.3Gi
Swap:          2.0Gi       2.0Gi          0B
============================

============================
Daily Report
Date : Monday 20 July 2026 04:10:01 PM IST
Current User : mirafra
Current Directory : /home/mirafra
System Uptime :
 16:10:01 up  6:50,  1 user,  load average: 0.96, 0.59, 0.41
Disk Usage :
Filesystem      Size  Used Avail Use% Mounted on
tmpfs           769M  2.8M  766M   1% /run
/dev/nvme0n1p2  468G   53G  392G  12% /
tmpfs           3.8G     0  3.8G   0% /dev/shm
tmpfs           5.0M  4.0K  5.0M   1% /run/lock
efivarfs        374K  178K  192K  49% /sys/firmware/efi/efivars
/dev/nvme0n1p1  511M  6.1M  505M   2% /boot/efi
tmpfs           769M  120K  769M   1% /run/user/1000
Memory Usage :
               total        used        free      shared  buff/cache   available
Mem:           7.5Gi       3.4Gi       409Mi       596Mi       3.7Gi       3.8Gi
Swap:          2.0Gi          0B       2.0Gi
============================

============================
Daily Report
Date : Tuesday 21 July 2026 04:10:01 PM IST
Current User : mirafra
Current Directory : /home/mirafra
System Uptime :
 16:10:01 up  6:49,  1 user,  load average: 0.46, 0.31, 0.33
Disk Usage :
Filesystem      Size  Used Avail Use% Mounted on
tmpfs           769M  2.8M  766M   1% /run
/dev/nvme0n1p2  468G   53G  392G  12% /
tmpfs           3.8G     0  3.8G   0% /dev/shm
tmpfs           5.0M  4.0K  5.0M   1% /run/lock
efivarfs        374K  180K  190K  49% /sys/firmware/efi/efivars
/dev/nvme0n1p1  511M  6.1M  505M   2% /boot/efi
tmpfs           769M  108K  769M   1% /run/user/1000
Memory Usage :
               total        used        free      shared  buff/cache   available
Mem:           7.5Gi       2.9Gi       1.2Gi       569Mi       3.4Gi       4.3Gi
Swap:          2.0Gi          0B       2.0Gi
============================

============================
Daily Report
Date : Wednesday 22 July 2026 04:10:01 PM IST
Current User : mirafra
Current Directory : /home/mirafra
System Uptime :
 16:10:01 up 1 day,  6:49,  1 user,  load average: 0.15, 0.25, 0.34
Disk Usage :
Filesystem      Size  Used Avail Use% Mounted on
tmpfs           769M  2.8M  766M   1% /run
/dev/nvme0n1p2  468G   53G  392G  12% /
tmpfs           3.8G     0  3.8G   0% /dev/shm
tmpfs           5.0M  4.0K  5.0M   1% /run/lock
efivarfs        374K  180K  190K  49% /sys/firmware/efi/efivars
/dev/nvme0n1p1  511M  6.1M  505M   2% /boot/efi
tmpfs           769M  1.7M  767M   1% /run/user/1000
Memory Usage :
               total        used        free      shared  buff/cache   available
Mem:           7.5Gi       2.8Gi       2.2Gi       866Mi       2.6Gi       4.0Gi
Swap:          2.0Gi        27Mi       2.0Gi
============================

============================
Daily Report
Date : Thursday 23 July 2026 04:10:01 PM IST
Current User : mirafra
Current Directory : /home/mirafra
System Uptime :
 16:10:01 up 2 days,  6:49,  1 user,  load average: 0.01, 0.14, 0.25
Disk Usage :
Filesystem      Size  Used Avail Use% Mounted on
tmpfs           769M  2.8M  766M   1% /run
/dev/nvme0n1p2  468G   53G  392G  12% /
tmpfs           3.8G     0  3.8G   0% /dev/shm
tmpfs           5.0M  4.0K  5.0M   1% /run/lock
efivarfs        374K  180K  190K  49% /sys/firmware/efi/efivars
/dev/nvme0n1p1  511M  6.1M  505M   2% /boot/efi
tmpfs           769M  1.7M  767M   1% /run/user/1000
Memory Usage :
               total        used        free      shared  buff/cache   available
Mem:           7.5Gi       3.8Gi       512Mi       858Mi       3.2Gi       3.3Gi
Swap:          2.0Gi       285Mi       1.7Gi
============================

============================
Daily Report
Date : Friday 24 July 2026 04:10:01 PM IST
Current User : mirafra
Current Directory : /home/mirafra
System Uptime :
 16:10:01 up  6:36,  1 user,  load average: 0.30, 0.34, 0.31
Disk Usage :
Filesystem      Size  Used Avail Use% Mounted on
tmpfs           769M  2.8M  766M   1% /run
/dev/nvme0n1p2  468G   53G  392G  12% /
tmpfs           3.8G     0  3.8G   0% /dev/shm
tmpfs           5.0M  4.0K  5.0M   1% /run/lock
efivarfs        374K  181K  189K  49% /sys/firmware/efi/efivars
/dev/nvme0n1p1  511M  6.1M  505M   2% /boot/efi
tmpfs           769M  128K  769M   1% /run/user/1000
Memory Usage :
               total        used        free      shared  buff/cache   available
Mem:           7.5Gi       3.4Gi       596Mi       556Mi       3.6Gi       4.0Gi
Swap:          2.0Gi          0B       2.0Gi
============================

